.
.
.
.
.
